// Jest Snapshot v1, https://goo.gl/fbAQLP

exports[`Write Something Here 1`] = `
<div>
  555
</div>
`;
